{
    "-profile test": {
        "content": [
            {
                "CAT_FASTQ": {
                    "cat": 9.5
                },
                "FASTP": {
                    "fastp": "1.1.0"
                },
                "FASTQC": {
                    "fastqc": "0.12.1"
                },
                "ISAR_ANALYSIS": {
                    "bioconductor-isoformswitchanalyzer": "2.6.0"
                },
                "ISAR_CONTRAST_SUMMARY": {
                    "r-ggplot2": "3.5.1"
                },
                "ISAR_VISUALIZATION": {
                    "r-ggplot2": "3.5.1"
                },
                "SALMON_INDEX": {
                    "salmon": "1.10.3"
                },
                "SALMON_QUANT": {
                    "salmon": "1.10.3"
                },
                "Workflow": {
                    "Anton-Bch/isoform-nf-core": "v1.0dev"
                }
            }
        ],
        "timestamp": "2026-07-07T12:34:00.000000000",
        "meta": {
            "nf-test": "0.9.3",
            "nextflow": "25.04.0"
        }
    }
}
